MPLINK 5.08, LINKER
Linker Map File - Created Thu Oct 26 17:38:25 2017

                                 Section Info
                  Section       Type    Address   Location Size(Bytes)
                ---------  ---------  ---------  ---------  ---------
                   .org_0       code   0x000000    program   0x0000e0
                   .cinit    romdata   0x0000e0    program   0x000002



                              Program Memory Usage 
                               Start         End      
                           ---------   ---------      
                            0x000000    0x0000e1      
            226 out of 33048 program addresses used, program memory utilization is 0%



                              Symbols - Sorted by Name
                     Name    Address   Location    Storage File                     
                ---------  ---------  ---------  --------- ---------                
                    CHECK   0x00008a    program     static C:\Users\User\Desktop\lab4.X\main.asm
                      DO1   0x000058    program     static C:\Users\User\Desktop\lab4.X\main.asm
                       ED   0x000080    program     static C:\Users\User\Desktop\lab4.X\main.asm
                  INITIAL   0x000000    program     static C:\Users\User\Desktop\lab4.X\main.asm
                     MAIN   0x00004e    program     static C:\Users\User\Desktop\lab4.X\main.asm
                     SBRT   0x000058    program     static C:\Users\User\Desktop\lab4.X\main.asm
                    SBRT2   0x00006c    program     static C:\Users\User\Desktop\lab4.X\main.asm
                  _19ENDD   0x0000de    program     static C:\Users\User\Desktop\lab4.X\main.asm
                   _19IS1   0x000094    program     static C:\Users\User\Desktop\lab4.X\main.asm
                   _19IS2   0x00009e    program     static C:\Users\User\Desktop\lab4.X\main.asm
                    _19NO   0x0000aa    program     static C:\Users\User\Desktop\lab4.X\main.asm
                   _19YES   0x0000c2    program     static C:\Users\User\Desktop\lab4.X\main.asm



                              Symbols - Sorted by Address
                     Name    Address   Location    Storage File                     
                ---------  ---------  ---------  --------- ---------                
                  INITIAL   0x000000    program     static C:\Users\User\Desktop\lab4.X\main.asm
                     MAIN   0x00004e    program     static C:\Users\User\Desktop\lab4.X\main.asm
                      DO1   0x000058    program     static C:\Users\User\Desktop\lab4.X\main.asm
                     SBRT   0x000058    program     static C:\Users\User\Desktop\lab4.X\main.asm
                    SBRT2   0x00006c    program     static C:\Users\User\Desktop\lab4.X\main.asm
                       ED   0x000080    program     static C:\Users\User\Desktop\lab4.X\main.asm
                    CHECK   0x00008a    program     static C:\Users\User\Desktop\lab4.X\main.asm
                   _19IS1   0x000094    program     static C:\Users\User\Desktop\lab4.X\main.asm
                   _19IS2   0x00009e    program     static C:\Users\User\Desktop\lab4.X\main.asm
                    _19NO   0x0000aa    program     static C:\Users\User\Desktop\lab4.X\main.asm
                   _19YES   0x0000c2    program     static C:\Users\User\Desktop\lab4.X\main.asm
                  _19ENDD   0x0000de    program     static C:\Users\User\Desktop\lab4.X\main.asm


